// Jest Snapshot v1, https://goo.gl/fbAQLP

exports[`Matches snapshot 1`] = `
<p
  className="text"
  data-testid="text"
>
  Plain text
</p>
`;
